---
source: crates/astra-cli/src/tui/history_cell/approval.rs
expression: "render_at(&cell, 80)"
---
╭─ Approval · Edit File
│ edit /etc/hosts
│ Risk · Outside workspace · Sensitive file
│ /etc/hosts
│ writes outside workspace
│ Note · Don't ask again is session-only; no reusable rule will be saved.
│
│  Yes   Yes, and don't ask again   No
╰─ ←→ move · Enter select · Esc close
